[2026-09-28 23:37:16] Démarrage du collecteur (intervalle = 120s)
[2026-09-28 23:38:51] Démarrage du collecteur (intervalle = 120s)
[2026-09-28 23:38:52]   +  – Pineapple
[2026-09-28 23:38:52]   +  – Dracula (JENNIE Remix)
[2026-09-28 23:38:52]   +  – Coachella
[2026-09-28 23:38:52]   +  – Olivia Valere
[2026-09-28 23:38:52]   +  – Mélo Décalé
[2026-09-28 23:38:52]   +  – Pocahontas
[2026-09-28 23:38:52] Cycle 1 : 6 nouveau(x), total = 6
[2026-09-28 23:39:29] Signal d'arrêt reçu, fermeture propre...
[2026-09-28 23:39:29] Arrêt. Total collecté : 6 morceaux.
[2026-09-28 23:51:02] Démarrage du collecteur (intervalle = 120s)
[2026-09-28 23:51:02] Enrichissement automatique : DÉSACTIVÉ (enrichir.py manquant)
[2026-09-28 23:51:03] Cycle 1 : aucun nouveau
[2026-09-28 23:51:53] Signal d'arrêt reçu, fermeture propre...
[2026-09-28 23:51:53] Arrêt. Total collecté : 0 morceaux. Total enrichis : 0.
[2026-09-28 23:53:13] Démarrage du collecteur (intervalle = 120s)
[2026-09-28 23:53:13] Enrichissement automatique via Deezer : ACTIVÉ
[2026-09-28 23:53:14] Cycle 1 : aucun nouveau
[2026-09-28 23:55:15] Cycle 2 : aucun nouveau
[2026-09-28 23:57:16] Cycle 3 : aucun nouveau
[2026-09-28 23:59:17] Cycle 4 : aucun nouveau
[2026-09-29 00:01:18] Cycle 5 : aucun nouveau
[2026-09-29 00:03:19] Cycle 6 : aucun nouveau
[2026-09-29 00:05:20] Cycle 7 : aucun nouveau
[2026-09-29 00:07:21] Cycle 8 : aucun nouveau
[2026-09-29 00:09:22] Cycle 9 : aucun nouveau
[2026-09-29 00:11:23]   + ? – Sicario
[2026-09-29 00:11:23] Enrichissement de 1 nouveau(x) morceau(x)...
[2026-09-29 00:11:24] Cycle 10 : 1 nouveau(x), total = 1
[2026-09-29 00:13:25] Cycle 11 : aucun nouveau
[2026-09-29 00:15:26] Cycle 12 : aucun nouveau
[2026-09-29 00:17:27] Cycle 13 : aucun nouveau
[2026-09-29 00:19:27] Cycle 14 : aucun nouveau
[2026-09-29 00:21:29] Cycle 15 : aucun nouveau
[2026-09-29 00:23:30] Cycle 16 : aucun nouveau
[2026-09-29 00:25:30] Cycle 17 : aucun nouveau
[2026-09-29 00:27:31] Cycle 18 : aucun nouveau
[2026-09-29 00:28:34] Démarrage du collecteur (intervalle = 120s)
[2026-09-29 00:28:34] Enrichissement automatique via Deezer : ACTIVÉ
[2026-09-29 00:28:34] Cycle 1 : aucun nouveau
[2026-09-29 00:30:35] Cycle 2 : aucun nouveau
[2026-09-29 00:32:37] Cycle 3 : aucun nouveau
[2026-09-29 00:34:38] Cycle 4 : aucun nouveau
[2026-09-29 00:36:39] Cycle 5 : aucun nouveau
[2026-09-29 00:38:40] Cycle 6 : aucun nouveau
[2026-09-29 00:40:41] Cycle 7 : aucun nouveau
[2026-09-29 00:42:43] Cycle 8 : aucun nouveau
[2026-09-29 00:44:43] Cycle 9 : aucun nouveau
[2026-09-29 00:46:45] Cycle 10 : aucun nouveau
[2026-09-29 00:48:46] Cycle 11 : aucun nouveau
[2026-09-29 00:50:47] Cycle 12 : aucun nouveau
[2026-09-29 00:52:48] Cycle 13 : aucun nouveau
[2026-09-29 00:54:49] Cycle 14 : aucun nouveau
[2026-09-29 00:56:50] Cycle 15 : aucun nouveau
[2026-09-29 00:58:51] Cycle 16 : aucun nouveau
[2026-09-29 01:00:52] Cycle 17 : aucun nouveau
[2026-09-29 01:02:53] Cycle 18 : aucun nouveau
[2026-09-29 01:04:54] Cycle 19 : aucun nouveau
[2026-09-29 01:06:55] Cycle 20 : aucun nouveau
[2026-09-29 01:08:56] Cycle 21 : aucun nouveau
[2026-09-29 01:10:57] Cycle 22 : aucun nouveau
[2026-09-29 01:12:59] Cycle 23 : aucun nouveau
[2026-09-29 01:15:00] Cycle 24 : aucun nouveau
[2026-09-29 01:17:01] Cycle 25 : aucun nouveau
[2026-09-29 01:19:02] Cycle 26 : aucun nouveau
[2026-09-29 01:21:03] Cycle 27 : aucun nouveau
[2026-09-29 01:23:04] Cycle 28 : aucun nouveau
[2026-09-29 01:25:05]   + ? – Fille à Papa
[2026-09-29 01:25:05] Enrichissement de 1 nouveau(x) morceau(x)...
[2026-09-29 01:25:07] Cycle 29 : 1 nouveau(x), total = 1
[2026-09-29 01:27:08] Cycle 30 : aucun nouveau
[2026-09-29 01:29:09] Cycle 31 : aucun nouveau
[2026-09-29 01:31:10] Cycle 32 : aucun nouveau
[2026-09-29 01:33:12] Cycle 33 : aucun nouveau
[2026-09-29 01:35:12] Cycle 34 : aucun nouveau
[2026-09-29 01:37:14] Cycle 35 : aucun nouveau
[2026-09-29 01:39:15] Cycle 36 : aucun nouveau
[2026-09-29 01:41:16] Cycle 37 : aucun nouveau
[2026-09-29 01:43:17] Cycle 38 : aucun nouveau
[2026-09-29 01:45:18] Cycle 39 : aucun nouveau
[2026-09-29 01:47:19] Cycle 40 : aucun nouveau
[2026-09-29 01:49:20] Cycle 41 : aucun nouveau
[2026-09-29 01:51:21] Cycle 42 : aucun nouveau
[2026-09-29 01:53:23] Cycle 43 : aucun nouveau
[2026-09-29 01:55:24] Cycle 44 : aucun nouveau
[2026-09-29 01:57:25] Cycle 45 : aucun nouveau
[2026-09-29 01:59:26] Cycle 46 : aucun nouveau
[2026-09-29 02:01:27] Cycle 47 : aucun nouveau
[2026-09-29 02:03:29] Cycle 48 : aucun nouveau
[2026-09-29 02:05:30] Cycle 49 : aucun nouveau
[2026-09-29 02:07:31] Cycle 50 : aucun nouveau
[2026-09-29 02:09:32] Cycle 51 : aucun nouveau
[2026-09-29 02:11:33] Cycle 52 : aucun nouveau
[2026-09-29 02:13:35]   + ? – Pilé
[2026-09-29 02:13:35] Enrichissement de 1 nouveau(x) morceau(x)...
[2026-09-29 02:13:36] Cycle 53 : 1 nouveau(x), total = 2
[2026-09-29 02:15:37] Cycle 54 : aucun nouveau
[2026-09-29 02:17:38]   + ? – La pétasse
[2026-09-29 02:17:38] Enrichissement de 1 nouveau(x) morceau(x)...
[2026-09-29 02:17:39] Cycle 55 : 1 nouveau(x), total = 3
[2026-09-29 02:19:41]   + ? – Love The Way You Lie
[2026-09-29 02:19:41] Enrichissement de 1 nouveau(x) morceau(x)...
[2026-09-29 02:19:42] Cycle 56 : 1 nouveau(x), total = 4
[2026-09-29 02:21:44] Cycle 57 : aucun nouveau
[2026-09-29 02:23:45]   + ? – Maladie
[2026-09-29 02:23:45] Enrichissement de 1 nouveau(x) morceau(x)...
[2026-09-29 02:23:47] Cycle 58 : 1 nouveau(x), total = 5
[2026-09-29 02:25:48] Cycle 59 : aucun nouveau
[2026-09-29 02:27:49]   + ? – Loser
[2026-09-29 02:27:49] Enrichissement de 1 nouveau(x) morceau(x)...
[2026-09-29 02:27:51] Cycle 60 : 1 nouveau(x), total = 6
[2026-09-29 02:29:52] Cycle 61 : aucun nouveau
[2026-09-29 02:31:53]   + ? – Fille à Papa
[2026-09-29 02:31:53] Enrichissement de 1 nouveau(x) morceau(x)...
[2026-09-29 02:31:54] Cycle 62 : 1 nouveau(x), total = 7
[2026-09-29 02:33:55]   + ? – Baraque au Bled
[2026-09-29 02:33:56] Enrichissement de 1 nouveau(x) morceau(x)...
[2026-09-29 02:33:56] Cycle 63 : 1 nouveau(x), total = 8
[2026-09-29 02:35:54] Démarrage du collecteur (intervalle = 60s)
[2026-09-29 02:35:54] Enrichissement automatique via Deezer : ACTIVÉ
[2026-09-29 02:35:55] Cycle 1 : aucun nouveau
[2026-09-29 02:35:58] Cycle 64 : aucun nouveau
[2026-09-29 02:36:56]   + ? – Mopao aye
[2026-09-29 02:36:56] Enrichissement de 1 nouveau(x) morceau(x)...
[2026-09-29 02:36:58] Cycle 2 : 1 nouveau(x), total = 1
[2026-09-29 02:37:59] Cycle 65 : aucun nouveau
[2026-09-29 02:37:59] Cycle 3 : aucun nouveau
[2026-09-29 02:39:00] Cycle 4 : aucun nouveau
[2026-09-29 02:40:00]   + ? – BbY wow
[2026-09-29 02:40:00] Enrichissement de 1 nouveau(x) morceau(x)...
[2026-09-29 02:40:01] Cycle 5 : aucun nouveau
[2026-09-29 02:40:01] Cycle 66 : 1 nouveau(x), total = 9
[2026-09-29 02:41:02] Cycle 6 : aucun nouveau
[2026-09-29 02:42:03] Cycle 67 : aucun nouveau
[2026-09-29 02:42:03] Cycle 7 : aucun nouveau
[2026-09-29 02:43:04] Cycle 8 : aucun nouveau
[2026-09-29 02:44:04]   + ? – Ramenez la coupe à la maison
[2026-09-29 02:44:04] Enrichissement de 1 nouveau(x) morceau(x)...
[2026-09-29 02:44:05] Cycle 9 : aucun nouveau
[2026-09-29 02:44:06] Cycle 68 : 1 nouveau(x), total = 10
[2026-09-29 02:45:06] Cycle 10 : aucun nouveau
[2026-09-29 02:46:07] Cycle 11 : aucun nouveau
[2026-09-29 02:46:07] Cycle 69 : aucun nouveau
[2026-09-29 02:47:08] Cycle 12 : aucun nouveau
[2026-09-29 02:47:48] Signal d'arrêt reçu, fermeture propre...
[2026-09-29 02:47:48] Arrêt. Total collecté : 1 morceaux. Total enrichis : 1.
[2026-09-29 02:47:53] Signal d'arrêt reçu, fermeture propre...
[2026-09-29 02:47:54] Arrêt. Total collecté : 10 morceaux. Total enrichis : 8.
[2026-09-29 02:47:54] Démarrage du collecteur (intervalle = 60s)
[2026-09-29 02:47:54] Enrichissement automatique via Deezer : ACTIVÉ
[2026-09-29 02:47:55] Cycle 1 : aucun nouveau
[2026-09-29 02:48:06] Démarrage du collecteur (intervalle = 60s)
[2026-09-29 02:48:06] Enrichissement automatique via Deezer : ACTIVÉ
[2026-09-29 02:48:07] Cycle 1 : aucun nouveau
[2026-09-29 02:48:56] Cycle 2 : aucun nouveau
[2026-09-29 02:49:08]   + ? – Pineapple
[2026-09-29 02:49:08] Enrichissement de 1 nouveau(x) morceau(x)...
[2026-09-29 02:49:09] Cycle 2 : 1 nouveau(x), total = 1
[2026-09-29 02:49:57] Cycle 3 : aucun nouveau
[2026-09-29 02:50:10] Cycle 3 : aucun nouveau
[2026-09-29 02:50:58] Cycle 4 : aucun nouveau
[2026-09-29 02:51:11] Cycle 4 : aucun nouveau
[2026-09-29 02:51:59]   + ? – Naughty girl
[2026-09-29 02:51:59] Enrichissement de 1 nouveau(x) morceau(x)...
[2026-09-29 02:52:01] Cycle 5 : 1 nouveau(x), total = 1
[2026-09-29 02:52:12] Cycle 5 : aucun nouveau
[2026-09-29 02:53:02] Cycle 6 : aucun nouveau
[2026-09-29 02:53:13] Cycle 6 : aucun nouveau
[2026-09-29 02:54:03] Cycle 7 : aucun nouveau
[2026-09-29 02:54:14] Cycle 7 : aucun nouveau
[2026-09-29 02:55:04] Cycle 8 : aucun nouveau
[2026-09-29 02:55:15]   + ? – Sicario
[2026-09-29 02:55:15] Enrichissement de 1 nouveau(x) morceau(x)...
[2026-09-29 02:55:17] Cycle 8 : 1 nouveau(x), total = 2
[2026-09-29 02:56:05] Cycle 9 : aucun nouveau
[2026-09-29 02:56:18] Cycle 9 : aucun nouveau
[2026-09-29 02:57:06] Cycle 10 : aucun nouveau
[2026-09-29 02:57:19] Cycle 10 : aucun nouveau
[2026-09-29 02:58:07]   + ? – hate that i made you love me
[2026-09-29 02:58:07] Enrichissement de 1 nouveau(x) morceau(x)...
[2026-09-29 02:58:08] Cycle 11 : 1 nouveau(x), total = 2
[2026-09-29 02:58:20] Cycle 11 : aucun nouveau
[2026-09-29 02:59:09] Cycle 12 : aucun nouveau
[2026-09-29 02:59:21] Cycle 12 : aucun nouveau
[2026-09-29 03:00:10] Cycle 13 : aucun nouveau
[2026-09-29 03:00:22] Cycle 13 : aucun nouveau
[2026-09-29 03:01:11] Cycle 14 : aucun nouveau
[2026-09-29 03:01:23]   + ? – Mélo Décalé
[2026-09-29 03:01:23] Enrichissement de 1 nouveau(x) morceau(x)...
[2026-09-29 03:01:25] Cycle 14 : 1 nouveau(x), total = 3
[2026-09-29 03:02:12] Cycle 15 : aucun nouveau
[2026-09-29 03:02:26] Cycle 15 : aucun nouveau
[2026-09-29 03:03:13] Cycle 16 : aucun nouveau
[2026-09-29 03:03:27] Cycle 16 : aucun nouveau
[2026-09-29 03:04:14]   + ? – NUEVAYoL
[2026-09-29 03:04:14] Enrichissement de 1 nouveau(x) morceau(x)...
[2026-09-29 03:04:16] Cycle 17 : 1 nouveau(x), total = 3
[2026-09-29 03:04:28] Cycle 17 : aucun nouveau
[2026-09-29 03:05:18] Cycle 18 : aucun nouveau
[2026-09-29 03:05:29] Cycle 18 : aucun nouveau
[2026-09-29 03:06:19] Cycle 19 : aucun nouveau
[2026-09-29 03:06:30] Cycle 19 : aucun nouveau
[2026-09-29 03:07:20]   + ? – Dinero
[2026-09-29 03:07:20] Enrichissement de 1 nouveau(x) morceau(x)...
[2026-09-29 03:07:22] Cycle 20 : 1 nouveau(x), total = 4
[2026-09-29 03:07:31] Cycle 20 : aucun nouveau
[2026-09-29 03:08:23] Cycle 21 : aucun nouveau
[2026-09-29 03:08:32] Cycle 21 : aucun nouveau
[2026-09-29 03:09:24] Cycle 22 : aucun nouveau
[2026-09-29 03:09:33]   + ? – Je pense à toi
[2026-09-29 03:09:33] Enrichissement de 1 nouveau(x) morceau(x)...
[2026-09-29 03:09:35] Cycle 22 : 1 nouveau(x), total = 4
[2026-09-29 03:10:25] Cycle 23 : aucun nouveau
[2026-09-29 03:10:36] Cycle 23 : aucun nouveau
[2026-09-29 03:11:26] Cycle 24 : aucun nouveau
[2026-09-29 03:11:37] Cycle 24 : aucun nouveau
[2026-09-29 03:12:27] Cycle 25 : aucun nouveau
[2026-09-29 03:12:38] Cycle 25 : aucun nouveau
[2026-09-29 03:13:28]   + ? – Bir Hakeim
[2026-09-29 03:13:28] Enrichissement de 1 nouveau(x) morceau(x)...
[2026-09-29 03:13:29] Cycle 26 : 1 nouveau(x), total = 5
[2026-09-29 03:13:39] Cycle 26 : aucun nouveau
[2026-09-29 03:14:30] Cycle 27 : aucun nouveau
[2026-09-29 03:14:40] Cycle 27 : aucun nouveau
[2026-09-29 03:15:31] Cycle 28 : aucun nouveau
[2026-09-29 03:15:41] Cycle 28 : aucun nouveau
[2026-09-29 03:16:32] Cycle 29 : aucun nouveau
[2026-09-29 03:16:41] Cycle 29 : aucun nouveau
[2026-09-29 03:17:33]   + ? – Allo Doudou
[2026-09-29 03:17:33] Enrichissement de 1 nouveau(x) morceau(x)...
[2026-09-29 03:17:35] Cycle 30 : 1 nouveau(x), total = 6
[2026-09-29 03:17:42] Cycle 30 : aucun nouveau
[2026-09-29 03:18:36] Cycle 31 : aucun nouveau
[2026-09-29 03:18:43] Cycle 31 : aucun nouveau
[2026-09-29 03:19:37] Cycle 32 : aucun nouveau
[2026-09-29 03:19:44]   + ? – Men in black
[2026-09-29 03:19:44] Enrichissement de 1 nouveau(x) morceau(x)...
[2026-09-29 03:19:46] Cycle 32 : 1 nouveau(x), total = 5
[2026-09-29 03:20:38] Cycle 33 : aucun nouveau
[2026-09-29 03:20:47] Cycle 33 : aucun nouveau
[2026-09-29 03:21:39] Cycle 34 : aucun nouveau
[2026-09-29 03:21:48] Cycle 34 : aucun nouveau
[2026-09-29 03:22:40] Cycle 35 : aucun nouveau
[2026-09-29 03:22:49] Cycle 35 : aucun nouveau
[2026-09-29 03:23:40]   + ? – Wagyu
[2026-09-29 03:23:41] Enrichissement de 1 nouveau(x) morceau(x)...
[2026-09-29 03:23:42] Cycle 36 : 1 nouveau(x), total = 7
[2026-09-29 03:23:50] Cycle 36 : aucun nouveau
[2026-09-29 03:24:44] Cycle 37 : aucun nouveau
[2026-09-29 03:24:51] Cycle 37 : aucun nouveau
[2026-09-29 03:25:45] Cycle 38 : aucun nouveau
[2026-09-29 03:25:52]   + ? – Dracula (JENNIE Remix)
[2026-09-29 03:25:52] Enrichissement de 1 nouveau(x) morceau(x)...
[2026-09-29 03:25:54] Cycle 38 : 1 nouveau(x), total = 6
[2026-09-29 03:26:46] Cycle 39 : aucun nouveau
[2026-09-29 03:26:55] Cycle 39 : aucun nouveau
[2026-09-29 03:27:47] Cycle 40 : aucun nouveau
[2026-09-29 03:27:55] Cycle 40 : aucun nouveau
[2026-09-29 03:28:48] Cycle 41 : aucun nouveau
[2026-09-29 03:28:56] Cycle 41 : aucun nouveau
[2026-09-29 03:29:49]   + ? – Pocahontas
[2026-09-29 03:29:49] Enrichissement de 1 nouveau(x) morceau(x)...
[2026-09-29 03:29:50] Cycle 42 : 1 nouveau(x), total = 8
[2026-09-29 03:29:57] Cycle 42 : aucun nouveau
[2026-09-29 03:30:51] Cycle 43 : aucun nouveau
[2026-09-29 03:30:58] Cycle 43 : aucun nouveau
[2026-09-29 03:31:52]   + ? – Dai Dai
[2026-09-29 03:31:53] Enrichissement de 1 nouveau(x) morceau(x)...
[2026-09-29 03:31:54] Cycle 44 : 1 nouveau(x), total = 9
[2026-09-29 03:31:59] Cycle 44 : aucun nouveau
[2026-09-29 03:32:55] Cycle 45 : aucun nouveau
[2026-09-29 03:33:00] Cycle 45 : aucun nouveau
[2026-09-29 03:33:56] Cycle 46 : aucun nouveau
[2026-09-29 03:34:01] Cycle 46 : aucun nouveau
[2026-09-29 03:34:58] Cycle 47 : aucun nouveau
[2026-09-29 03:35:02] Cycle 47 : aucun nouveau
[2026-09-29 03:35:59]   + ? – Melodrama
[2026-09-29 03:35:59] Enrichissement de 1 nouveau(x) morceau(x)...
[2026-09-29 03:36:01] Cycle 48 : 1 nouveau(x), total = 10
[2026-09-29 03:36:03] Cycle 48 : aucun nouveau
[2026-09-29 03:37:02] Cycle 49 : aucun nouveau
[2026-09-29 03:37:04] Cycle 49 : aucun nouveau
[2026-09-29 03:38:03] Cycle 50 : aucun nouveau
[2026-09-29 03:38:05] Cycle 50 : aucun nouveau
[2026-09-29 03:39:04]   + ? – Cote à la hausse
[2026-09-29 03:39:04] Enrichissement de 1 nouveau(x) morceau(x)...
[2026-09-29 03:39:06] Cycle 51 : 1 nouveau(x), total = 11
[2026-09-29 03:39:06] Cycle 51 : aucun nouveau
[2026-09-29 03:40:07] Cycle 52 : aucun nouveau
[2026-09-29 03:40:07] Cycle 52 : aucun nouveau
[2026-09-29 03:41:08] Cycle 53 : aucun nouveau
[2026-09-29 03:41:08] Cycle 53 : aucun nouveau
[2026-09-29 03:42:09]   + ? – Crf - Nouvelle École
[2026-09-29 03:42:09] Enrichissement de 1 nouveau(x) morceau(x)...
[2026-09-29 03:42:09] Cycle 54 : aucun nouveau
[2026-09-29 03:42:10] Cycle 54 : 1 nouveau(x), total = 7
[2026-09-29 03:43:10] Cycle 55 : aucun nouveau
[2026-09-29 03:43:11] Cycle 55 : aucun nouveau
[2026-09-29 03:44:11] Cycle 56 : aucun nouveau
[2026-09-29 03:44:12] Cycle 56 : aucun nouveau
[2026-09-29 03:45:12] Cycle 57 : aucun nouveau
[2026-09-29 03:45:13] Cycle 57 : aucun nouveau
[2026-09-29 03:46:13]   + ? – Sexy Nana
[2026-09-29 03:46:13] Enrichissement de 1 nouveau(x) morceau(x)...
[2026-09-29 03:46:14] Cycle 58 : aucun nouveau
[2026-09-29 03:46:15] Cycle 58 : 1 nouveau(x), total = 12
[2026-09-29 03:47:15] Cycle 59 : aucun nouveau
[2026-09-29 03:47:16] Cycle 59 : aucun nouveau
[2026-09-29 03:48:16]   + ? – Timeless
[2026-09-29 03:48:16] Enrichissement de 1 nouveau(x) morceau(x)...
[2026-09-29 03:48:17] Cycle 60 : aucun nouveau
[2026-09-29 03:48:18] Cycle 60 : 1 nouveau(x), total = 8
[2026-09-29 03:49:18] Cycle 61 : aucun nouveau
[2026-09-29 03:49:19] Cycle 61 : aucun nouveau
[2026-09-29 03:50:19] Cycle 62 : aucun nouveau
[2026-09-29 03:50:20] Cycle 62 : aucun nouveau
[2026-09-29 03:51:20] Cycle 63 : aucun nouveau
[2026-09-29 03:51:21] Cycle 63 : aucun nouveau
[2026-09-29 03:52:21]   + ? – VIVE LA MONNAIE
[2026-09-29 03:52:21] Enrichissement de 1 nouveau(x) morceau(x)...
[2026-09-29 03:52:22] Cycle 64 : aucun nouveau
[2026-09-29 03:52:22] Cycle 64 : 1 nouveau(x), total = 13
[2026-09-29 03:53:23] Cycle 65 : aucun nouveau
[2026-09-29 03:53:23] Cycle 65 : aucun nouveau
[2026-09-29 03:54:24] Cycle 66 : aucun nouveau
[2026-09-29 03:54:24] Cycle 66 : aucun nouveau
[2026-09-29 03:55:25]   + ? – Été avec toi
[2026-09-29 03:55:25] Enrichissement de 1 nouveau(x) morceau(x)...
[2026-09-29 03:55:25] Cycle 67 : aucun nouveau
[2026-09-29 03:55:28] Cycle 67 : 1 nouveau(x), total = 9
[2026-09-29 03:56:26] Cycle 68 : aucun nouveau
[2026-09-29 03:56:29] Cycle 68 : aucun nouveau
[2026-09-29 03:57:27] Cycle 69 : aucun nouveau
[2026-09-29 03:57:30] Cycle 69 : aucun nouveau
[2026-09-29 03:58:28]   + ? – Olivia Valere
[2026-09-29 03:58:28] Enrichissement de 1 nouveau(x) morceau(x)...
[2026-09-29 03:58:30] Cycle 70 : 1 nouveau(x), total = 14
[2026-09-29 03:58:31] Cycle 70 : aucun nouveau
[2026-09-29 03:59:31] Cycle 71 : aucun nouveau
[2026-09-29 03:59:31] Cycle 71 : aucun nouveau
[2026-09-29 04:00:32] Cycle 72 : aucun nouveau
[2026-09-29 04:00:32] Cycle 72 : aucun nouveau
[2026-09-29 04:01:33]   + ? – Pineapple
[2026-09-29 04:01:33] Enrichissement de 1 nouveau(x) morceau(x)...
[2026-09-29 04:01:33] Cycle 73 : aucun nouveau
[2026-09-29 04:01:35] Cycle 73 : 1 nouveau(x), total = 15
[2026-09-29 04:02:34] Cycle 74 : aucun nouveau
[2026-09-29 04:02:36] Cycle 74 : aucun nouveau
